[kfcindia.in/index.html]
[kfcindia.in/img/fevicon.jpg]
[kfcindia.in/index-2.html]
[backblue.gif]
[fade.gif]
[index.html]
[kfcindia.in/cdnjs.cloudflare.com/ajax/libs/font-awesome/4.7.0/css/font-awesome.min.html]
[kfcindia.in/css/bootstrap.min.css]
[kfcindia.in/css/font-awesome.min.css]
[kfcindia.in/vendors/stroke-icon/style.css]
[kfcindia.in/vendors/owl-carousel/assets/owl.carousel.min.css]
[kfcindia.in/vendors/time-date-picker/tempusdominus-bootstrap-4.min.css]
[kfcindia.in/vendors/lightbox/simpleLightbox.html]
[kfcindia.in/vendors/revolution/css/settings.css]
[kfcindia.in/vendors/revolution/css/layers.css]
[kfcindia.in/vendors/revolution/css/navigation.css]
[kfcindia.in/css/style.css]
[kfcindia.in/css/responsive.css]
[kfcindia.in/img/logo.png]
[kfcindia.in/index-3.html]
[kfcindia.in/about.html]
[kfcindia.in/kfc-franchise-application.html]
[kfcindia.in/blog.html]
[kfcindia.in/contact.html]
[kfcindia.in/img/slider-1.jpg]
[kfcindia.in/img/New_banner_popup_desk_1.jpg]
[kfcindia.in/img/haldirams-banner-900x506.jpg]
[kfcindia.in/img/about/kfc-bucket.png]
[kfcindia.in/index-4.html]
[kfcindia.in/img/gallery/g1.jpg]
[kfcindia.in/img/gallery/g2.jpg]
[kfcindia.in/img/gallery/g3.jpg]
[kfcindia.in/img/gallery/g4.jpg]
[kfcindia.in/img/gallery/g5.jpg]
[kfcindia.in/img/EuroContaCons-Poza-2-Despre-noi.jpg]
[kfcindia.in/img/about/abouts.png]
[kfcindia.in/img/footer-logo-1.png]
[kfcindia.in/img/payment-card.png]
[kfcindia.in/cdn-cgi/scripts/5c5dd728/cloudflare-static/email-decode.min.js]
[kfcindia.in/termsconditions.html]
[kfcindia.in/js/jquery-3.3.1.min.js]
[kfcindia.in/js/popper.min.js]
[kfcindia.in/js/bootstrap.min.js]
[kfcindia.in/vendors/revolution/js/jquery.themepunch.tools.min.js]
[kfcindia.in/vendors/revolution/js/jquery.themepunch.revolution.min.js]
[kfcindia.in/vendors/revolution/js/extensions/revolution.extension.actions.min.js]
[kfcindia.in/vendors/revolution/js/extensions/revolution.extension.video.min.js]
[kfcindia.in/vendors/revolution/js/extensions/revolution.extension.slideanims.min.js]
[kfcindia.in/vendors/revolution/js/extensions/revolution.extension.layeranimation.min.js]
[kfcindia.in/vendors/revolution/js/extensions/revolution.extension.navigation.min.js]
[kfcindia.in/vendors/owl-carousel/owl.carousel.min.js]
[kfcindia.in/vendors/time-date-picker/moment-with-locales.min.js]
[kfcindia.in/vendors/time-date-picker/tempusdominus-bootstrap-4.min.js]
[kfcindia.in/vendors/lightbox/simpleLightbox.min.js]
[kfcindia.in/vendors/isotop/imagesloaded.pkgd.min.js]
[kfcindia.in/vendors/isotop/isotope.pkgd.min.js]
[kfcindia.in/js/theme-dist.js]
[kfcindia.in/index.html]
[kfcindia.in/index-2.html]
[maxcdn.bootstrapcdn.com/bootstrap/3.3.7/css/bootstrap.min.css]
[www.google-analytics.com/analytics.js]
[kfcindia.in/cdnjs.cloudflare.com/ajax/libs/font-awesome/4.7.0/css/font-awesome.min.html]
[kfcindia.in/css/bootstrap.min.css]
[kfcindia.in/fonts/fontawesome-webfont3295.html]
[kfcindia.in/fonts/fontawesome-webfontd41d.html]
[kfcindia.in/fonts/fontawesome-webfont3295-2.html]
[kfcindia.in/fonts/fontawesome-webfont3295-3.html]
[kfcindia.in/fonts/fontawesome-webfont3295-4.html]
[kfcindia.in/fonts/fontawesome-webfont3295-5.html]
[kfcindia.in/css/font-awesome.min.css]
[kfcindia.in/vendors/stroke-icon/fonts/Stroke-Gap-Icons.html]
[kfcindia.in/vendors/stroke-icon/style.css]
[kfcindia.in/vendors/owl-carousel/assets/owl.video.play.html]
[kfcindia.in/vendors/owl-carousel/assets/owl.carousel.min.css]
[kfcindia.in/vendors/time-date-picker/tempusdominus-bootstrap-4.min.css]
[kfcindia.in/vendors/lightbox/simpleLightbox.html]
[kfcindia.in/vendors/revolution/fonts/revicons/revicons90c6.html]
[kfcindia.in/vendors/revolution/fonts/revicons/revicons90c6-2.html]
[kfcindia.in/vendors/revolution/fonts/revicons/revicons90c6-3.html]
[kfcindia.in/vendors/revolution/fonts/revicons/revicons90c6-4.html]
[kfcindia.in/vendors/revolution/css/openhand.html]
[kfcindia.in/vendors/revolution/css/closedhand.html]
[kfcindia.in/vendors/revolution/assets/gridtile.html]
[kfcindia.in/vendors/revolution/assets/gridtile_white.html]
[kfcindia.in/vendors/revolution/assets/gridtile_3x3.html]
[kfcindia.in/vendors/revolution/assets/gridtile_3x3_white.html]
[kfcindia.in/vendors/revolution/assets/coloredbg.html]
[kfcindia.in/vendors/revolution/assets/loader.html]
[kfcindia.in/vendors/revolution/css/settings.css]
[kfcindia.in/vendors/revolution/css/layers.css]
[kfcindia.in/vendors/revolution/css/navigation.css]
[kfcindia.in/img/gallery/KFChero.jpg]
[kfcindia.in/img/icon/line-shap.html]
[kfcindia.in/img/icon/line-shap-2.html]
[kfcindia.in/img/shadow-menu.html]
[kfcindia.in/img/home-banner.html]
[kfcindia.in/img/home-man.html]
[kfcindia.in/img/breadcrumb/breadcrumb-1.html]
[kfcindia.in/img/family-img.html]
[kfcindia.in/img/icon/ab-bar-bg.html]
[kfcindia.in/img/service/repair-service/r-service-shap.html]
[kfcindia.in/img/company-bg.html]
[kfcindia.in/img/video-shadow.html]
[kfcindia.in/img/icon/check-box.html]
[kfcindia.in/img/icon/check-box-checked.html]
[kfcindia.in/css/style.css]
[kfcindia.in/css/responsive.css]
[kfcindia.in/index-3.html]
[kfcindia.in/img/about/about-banner-md.jpg]
[kfcindia.in/img/about/1890.jpg]
[kfcindia.in/img/about/1930.jpg]
[kfcindia.in/img/about/1939.jpg]
[kfcindia.in/img/about/1955.jpg]
[kfcindia.in/img/about/1920-29.jpg]
[kfcindia.in/img/about/1935.jpg]
[kfcindia.in/img/about/1950.jpg]
[kfcindia.in/img/about/1964.jpg]
[kfcindia.in/about.html]
[kfcindia.in/img/about/call-logo.png]
[kfcindia.in/img/about/map-logo.png]
[kfcindia.in/img/about/email-logo.png]
[kfcindia.in/kfc-franchise-application.html]
[kfcindia.in/img/Main-Hero-Banner1.jpg]
[kfcindia.in/blog.html]
[kfcindia.in/img/contact-us-banner-1-860x280.jpg]
[kfcindia.in/img/icon/map-marker.html]
[kfcindia.in/img/icon/phone-2.html]
[kfcindia.in/img/icon/inbox.html]
[kfcindia.in/contact.html]
[kfcindia.in/index-4.html]
[kfcindia.in/termsconditions.html]
[kfcindia.in/htdocs_error/style.html]
[maxcdn.bootstrapcdn.com/bootstrap/3.3.7/css/bootstrap.min.css]
[kfcindia.in/htdocs_error/something-lost.html]
[kfcindia.in/fonts/fontawesome-webfont3295.html]
[kfcindia.in/fonts/fontawesome-webfontd41d.html]
[kfcindia.in/fonts/fontawesome-webfont3295-2.html]
[kfcindia.in/fonts/fontawesome-webfont3295-3.html]
[kfcindia.in/fonts/fontawesome-webfont3295-4.html]
[kfcindia.in/fonts/fontawesome-webfont3295-5.html]
[kfcindia.in/vendors/stroke-icon/fonts/Stroke-Gap-Icons.html]
[kfcindia.in/vendors/owl-carousel/assets/owl.video.play.html]
[kfcindia.in/vendors/revolution/fonts/revicons/revicons90c6.html]
[kfcindia.in/vendors/revolution/fonts/revicons/revicons90c6-2.html]
[kfcindia.in/vendors/revolution/fonts/revicons/revicons90c6-3.html]
[kfcindia.in/vendors/revolution/fonts/revicons/revicons90c6-4.html]
[kfcindia.in/vendors/revolution/css/openhand.html]
[kfcindia.in/vendors/revolution/css/closedhand.html]
[kfcindia.in/vendors/revolution/assets/gridtile.html]
[kfcindia.in/vendors/revolution/assets/gridtile_white.html]
[kfcindia.in/vendors/revolution/assets/gridtile_3x3.html]
[kfcindia.in/vendors/revolution/assets/gridtile_3x3_white.html]
[kfcindia.in/vendors/revolution/assets/coloredbg.html]
[kfcindia.in/vendors/revolution/assets/loader.html]
[kfcindia.in/css-1.html]
[kfcindia.in/img/icon/line-shap.html]
[kfcindia.in/img/icon/line-shap-2.html]
[kfcindia.in/img/shadow-menu.html]
[kfcindia.in/img/home-banner.html]
[kfcindia.in/img/home-man.html]
[kfcindia.in/img/breadcrumb/breadcrumb-1.html]
[kfcindia.in/img/family-img.html]
[kfcindia.in/img/icon/ab-bar-bg.html]
[kfcindia.in/img/service/repair-service/r-service-shap.html]
[kfcindia.in/img/company-bg.html]
[kfcindia.in/img/video-shadow.html]
[kfcindia.in/img/icon/check-box.html]
[kfcindia.in/img/icon/check-box-checked.html]
[kfcindia.in/img/icon/map-marker.html]
[kfcindia.in/img/icon/phone-2.html]
[kfcindia.in/img/icon/inbox.html]
